../Core/Src/main.c:106:5:main	8	static
../Core/Src/main.c:162:6:SystemClock_Config	88	static
../Core/Src/main.c:212:13:MX_ADC1_Init	24	static
../Core/Src/main.c:264:13:MX_I2C1_Init	8	static
../Core/Src/main.c:312:13:MX_I2C2_Init	8	static
../Core/Src/main.c:360:13:MX_SPI1_Init	8	static
../Core/Src/main.c:400:13:MX_SPI5_Init	8	static
../Core/Src/main.c:439:13:MX_TIM7_Init	24	static
../Core/Src/main.c:477:13:MX_UART4_Init	8	static
../Core/Src/main.c:512:13:MX_USART3_UART_Init	8	static
../Core/Src/main.c:547:13:MX_USART6_UART_Init	8	static
../Core/Src/main.c:582:13:MX_USB_OTG_FS_PCD_Init	8	static
../Core/Src/main.c:615:13:MX_DMA_Init	16	static
../Core/Src/main.c:667:13:MX_GPIO_Init	56	static
../Core/Src/main.c:722:6:Error_Handler	4	static,ignoring_inline_asm
